// Jest Snapshot v1, https://goo.gl/fbAQLP

exports[`should match snapshot 1`] = `
.c0 {
  background-color: #41a6f4;
  border: none;
  border-radius: 4px;
  box-sizing: border-box;
  color: #fff;
  cursor: pointer;
  font-size: 1rem;
  line-height: 1em;
  outline: none;
  padding: 0.6rem 1em;
  text-decoration: none;
  -webkit-transition: all 200ms ease-in;
  transition: all 200ms ease-in;
}

.c0:hover:enabled {
  background-color: #fff;
  color: #41a6f4;
}

.c0:disabled {
  opacity: 0.4;
}

.c0.hide {
  opacity: 0;
}

<Component
  hide={false}
  mapBoundsChanged={false}
  theme={
    Object {
      "breakpoints": Object {
        "large": "1200px",
        "medium": "900px",
        "small": "600px",
        "xlarge": "1800px",
      },
      "colors": Object {
        "blue": "#41a6f4",
        "darkGrey": "#333",
        "grey": "#999",
        "lightGrey": "#eee",
      },
      "fonts": Object {
        "body": "\\"HelveticaNeue-Light\\", \\"Helvetica Neue Light\\", \\"Helvetica Neue\\", Helvetica, Arial, sans-serif",
        "heading": "\\"HelveticaNeue-Bold\\", \\"Helvetica Neue Bold\\", \\"Helvetica Neue\\", Helvetica, Arial, sans-serif",
      },
    }
  }
>
  <styled.button
    className=""
    mapBoundsChanged={false}
    theme={
      Object {
        "breakpoints": Object {
          "large": "1200px",
          "medium": "900px",
          "small": "600px",
          "xlarge": "1800px",
        },
        "colors": Object {
          "blue": "#41a6f4",
          "darkGrey": "#333",
          "grey": "#999",
          "lightGrey": "#eee",
        },
        "fonts": Object {
          "body": "\\"HelveticaNeue-Light\\", \\"Helvetica Neue Light\\", \\"Helvetica Neue\\", Helvetica, Arial, sans-serif",
          "heading": "\\"HelveticaNeue-Bold\\", \\"Helvetica Neue Bold\\", \\"Helvetica Neue\\", Helvetica, Arial, sans-serif",
        },
      }
    }
  >
    <button
      className="c0"
    >
      Click Me
    </button>
  </styled.button>
</Component>
`;
