// Jest Snapshot v1, https://goo.gl/fbAQLP

exports[`should render 1`] = `
<styled.section
  open={false}
>
  <styled.div>
    <styled.a
      href="#"
      onClick={[Function]}
    >
      Ã—
    </styled.a>
    <styled.div />
  </styled.div>
</styled.section>
`;
